<virtualDirectory path="/" physicalPath="%SystemDrive%\inetpub\wwwroot" />
<virtualDirectory path="/" physicalPath="C:\test" />